=== gateway (Phase 3) ===
broker            : tcp://127.0.0.1:1883
client id         : gw-c1-n50-rep2-3706
subscription QoS  : 1
heartbeat expected: every 1000 ms
suspect / offline : 2 / 4 missed heartbeats
recovery confirms : 2 heartbeats
run duration      : 360 s
jvm               : OpenJDK 64-Bit Server VM 21.0.12.1

kafka forwarding disabled
telemetry store at jdbc:h2:file:/var/folders/26/x7k913ws7292g0_p1r0zscdm0000gn/T/tmp.B823SvZx47/store-n50-rep2/fleet
gateway subscribed to telemetry, heartbeat, and status for fleet/+/* at tcp://127.0.0.1:1883
health API on http://127.0.0.1:18090/health (readiness at /ready, metrics at /metrics)

=== gateway summary ===
devices known     : 50
devices reporting : 50
devices online    : 0
health            : {UNKNOWN=50, ONLINE=0, SUSPECTED=0, OFFLINE=0, RECOVERING=0}
heartbeats accepted: 1500 (malformed 0)
failures detected : 50
recoveries        : 0 (mean -1 ms)
monitor errors    : 0
store errors      : 0
kafka failures    : 0
history           : complete
telemetry accepted: 3001
telemetry rejected: 0 (malformed 0, invalid 0)
presence events   : 150
unroutable msgs   : 0
invalid presence  : 0
handler errors    : 0
connection losses : 0

These figures are a demonstration. Only runs recorded under experiments/results/ count as results.
