
[1m==> preflight[0m
  device-001 -> device-001-r-e51bde3a0c (Running)
  device-002 -> device-002-r-eb765b7a81 (Running)
  device-003 -> device-003-r-ebbac8853d (Running)

[1m==> recording metadata[0m
  captured startup headers and ConfigMaps
  wrote /Users/aizen/Desktop/project-java/experiments/results/raw/b1-pod-loss-20260825T163042Z/metadata.json

[1m==> attaching to device.recovery[0m
  device.recovery starts at offset 46

[1m==> injecting 20 pod-loss failures[0m
  [1/20] killed device-001-r-e51bde3a0c (device-001) ... back in 2189 ms (runner clock)
  [2/20] killed device-002-r-eb765b7a81 (device-002) ... back in 1605 ms (runner clock)
  [3/20] killed device-003-r-ebbac8853d (device-003) ... back in 2223 ms (runner clock)
  [4/20] killed device-001-r-86b37789e9 (device-001) ... back in 1956 ms (runner clock)
  [5/20] killed device-002-r-cffad77faa (device-002) ... back in 1906 ms (runner clock)
  [6/20] killed device-003-r-f034c2210e (device-003) ... back in 1898 ms (runner clock)
  [7/20] killed device-001-r-62e0a24970 (device-001) ... back in 2295 ms (runner clock)
  [8/20] killed device-002-r-229a76426f (device-002) ... back in 2899 ms (runner clock)
  [9/20] killed device-003-r-b65f8797e3 (device-003) ... back in 2590 ms (runner clock)
  [10/20] killed device-001-r-441d7eb9bd (device-001) ... back in 1872 ms (runner clock)
  [11/20] killed device-002-r-5ba248e17e (device-002) ... back in 1911 ms (runner clock)
  [12/20] killed device-003-r-e60595b2c6 (device-003) ... back in 2225 ms (runner clock)
  [13/20] killed device-001-r-7d6b8f6923 (device-001) ... back in 1916 ms (runner clock)
  [14/20] killed device-002-r-2d7c141f8a (device-002) ... back in 1868 ms (runner clock)
  [15/20] killed device-003-r-3a2f391596 (device-003) ... back in 1896 ms (runner clock)
  [16/20] killed device-001-r-0b95696d0f (device-001) ... back in 1906 ms (runner clock)
  [17/20] killed device-002-r-a02f5b6576 (device-002) ... back in 1939 ms (runner clock)
  [18/20] killed device-003-r-1aec18f1a3 (device-003) ... back in 1923 ms (runner clock)
  [19/20] killed device-001-r-3d5c44a194 (device-001) ... back in 2326 ms (runner clock)
  [20/20] killed device-002-r-1c54314eae (device-002) ... back in 1910 ms (runner clock)

[1m==> collecting[0m
  device.recovery records captured: 40
  iterations that did not recover : 0

[1m==> summary[0m
  rows                : 20
  failures injected   : 20
  recovered           : 20 (100.0%)
  MTTR (gateway)      : n=20 min=1045 median=1399.0 p90=1761 max=2225 mean=1433.8 ms
  operator half       : n=20 min=56 median=89.0 p90=122 max=269 mean=96.7 ms
  runner observed     : n=20 min=1605 median=1919.5 p90=2326 max=2899 mean=2062.7 ms
  wrote               : /Users/aizen/Desktop/project-java/experiments/results/processed/b1-pod-loss-20260825T163042Z.csv
                        /Users/aizen/Desktop/project-java/experiments/results/processed/b1-pod-loss-20260825T163042Z-summary.md

run recorded: /Users/aizen/Desktop/project-java/experiments/results/raw/b1-pod-loss-20260825T163042Z
