=== edge-device simulator (Phase 2) ===
variant           : CONSTRAINED
sink              : MQTT (tcp://127.0.0.1:1883, QoS 0)
devices           : 3
publish interval  : 1000 ms
run duration      : 20 s
failure mode      : HEARTBEAT_STOP (after 5 readings)
seed              : 42
jvm               : OpenJDK 64-Bit Server VM 21.0.12.1
max heap          : 64.0 MiB
collectors        : G1 Young Generation, G1 Concurrent GC, G1 Old Generation

=== run summary ===
duration          : 20009 ms
readings published: 60
heartbeats sent   : 15
payloads delivered: 75
bytes delivered   : 7.9 KiB
throughput        : 3.0 readings/s
crashed devices   : 0
sink errors       : 0
unexpected errors : 0
connection losses : 0
gc collections    : 0
gc time           : 0 ms
heap in use       : 12.0 MiB

These figures are a demonstration. Only runs recorded under experiments/results/ count as results.
